../Core/Src/main.c:78:5:main	8	static
../Core/Src/main.c:140:6:Switch_Mode	8	static
../Core/Src/main.c:154:6:convertToMorse	192	static
../Core/Src/main.c:195:6:transmitMorse	24	static
../Core/Src/main.c:223:6:HAL_UART_RxCpltCallback	16	static
../Core/Src/main.c:232:6:SystemClock_Config	88	static
../Core/Src/main.c:280:13:MX_DAC_Init	16	static
../Core/Src/main.c:320:13:MX_USART2_UART_Init	8	static
../Core/Src/main.c:353:13:MX_GPIO_Init	48	static
../Core/Src/main.c:393:6:Error_Handler	4	static,ignoring_inline_asm
