../Core/Src/main.c:100:5:main	24	static
../Core/Src/main.c:259:6:isSoundSignalDetected	8	static
../Core/Src/main.c:278:6:isLedSignalDetected	8	static
../Core/Src/main.c:283:7:decodeMorse	256	dynamic
../Core/Src/main.c:323:3:__io_putchar	16	static
../Core/Src/main.c:335:6:SystemClock_Config	88	static
../Core/Src/main.c:383:13:MX_ADC3_Init	24	static
../Core/Src/main.c:435:13:MX_USART2_UART_Init	8	static
../Core/Src/main.c:468:13:MX_GPIO_Init	48	static
../Core/Src/main.c:524:6:Error_Handler	4	static,ignoring_inline_asm
