../Core/Src/main.c:98:5:main	16	static
../Core/Src/main.c:222:6:isSoundSignalDetected	8	static
../Core/Src/main.c:241:6:isLedSignalDetected	8	static
../Core/Src/main.c:246:7:decodeMorse	256	dynamic
../Core/Src/main.c:286:3:__io_putchar	16	static
../Core/Src/main.c:299:6:SystemClock_Config	88	static
../Core/Src/main.c:347:13:MX_ADC3_Init	24	static
../Core/Src/main.c:399:13:MX_USART2_UART_Init	8	static
../Core/Src/main.c:432:13:MX_GPIO_Init	48	static
../Core/Src/main.c:474:6:Error_Handler	4	static,ignoring_inline_asm
